{
  "metricsPath": "../records/active_slices/canonical_project_context_20260710/visual_qc/project_source_manifest_qc_metrics.json",
  "results": [
    {
      "label": "overview",
      "topbarText": "项目MG-K10-SAR-DEMOMG-K10-CRSwNPRUX-03-002CMS-D001MY009-UCMY008211A-PNH-3-01适应症特应性皮炎方案版本V1.3数据批次RUX listing 2025-06-122025-06-12当前来源项目总看板RUX-03-002未读0待我处理0高风险开放0跨模块交接0待审批0",
      "bodyHasMgk10": true,
      "bodyHasD001": true,
      "bodyHasRux": true,
      "bodyHasMy009": true,
      "hasCurrentSource": true,
      "hasCrossSource": false,
      "hasDemoSubjectLeak": false,
      "subjectOptionValues": [],
      "hasInternalSourceLeak": false,
      "overflowX": false,
      "screenshotPath": "../records/active_slices/canonical_project_context_20260710/visual_qc/overview_source_manifest.png"
    },
    {
      "label": "medical_monitoring",
      "topbarText": "项目MG-K10-SAR-DEMOMG-K10-CRSwNPRUX-03-002CMS-D001MY009-UCMY008211A-PNH-3-01适应症特应性皮炎方案版本V1.3数据批次RUX listing 2025-06-122025-06-12当前来源医学监查RUX-03-002未读4待我处理4高风险开放4跨模块交接0待审批0",
      "bodyHasMgk10": true,
      "bodyHasD001": true,
      "bodyHasRux": true,
      "bodyHasMy009": true,
      "hasCurrentSource": true,
      "hasCrossSource": false,
      "hasDemoSubjectLeak": false,
      "subjectOptionValues": [],
      "hasInternalSourceLeak": false,
      "overflowX": false,
      "screenshotPath": "../records/active_slices/canonical_project_context_20260710/visual_qc/monitoring_source_manifest.png"
    },
    {
      "label": "subject_timeline",
      "topbarText": "项目MG-K10-SAR-DEMOMG-K10-CRSwNPRUX-03-002CMS-D001MY009-UCMY008211A-PNH-3-01适应症特应性皮炎方案版本V1.3数据批次RUX listing 2025-06-122025-06-12当前来源医学监查RUX-03-002未读4待我处理4高风险开放4跨模块交接0待审批0",
      "bodyHasMgk10": true,
      "bodyHasD001": true,
      "bodyHasRux": true,
      "bodyHasMy009": true,
      "hasCurrentSource": true,
      "hasCrossSource": false,
      "hasDemoSubjectLeak": false,
      "subjectOptionValues": [
        "S01001",
        "S01002",
        "S01003",
        "S01004",
        "S01005",
        "S01006",
        "S01007",
        "S01008",
        "S01009",
        "S01010",
        "S01011",
        "S01012",
        "S01013",
        "S01014",
        "S01015",
        "S01016",
        "S01017",
        "S01018",
        "S01019",
        "S01020",
        "S01021",
        "S01022",
        "S01023",
        "S01024",
        "S01025",
        "S01026",
        "S01027",
        "S01028",
        "S01029",
        "S01030"
      ],
      "hasInternalSourceLeak": false,
      "overflowX": false,
      "screenshotPath": "../records/active_slices/canonical_project_context_20260710/visual_qc/timeline_source_manifest.png"
    },
    {
      "label": "tfl",
      "topbarText": "项目MG-K10-SAR-DEMOMG-K10-CRSwNPRUX-03-002CMS-D001MY009-UCMY008211A-PNH-3-01适应症特应性皮炎方案版本V1.3数据批次RUX SDTM/TFL 包2025-06-12当前来源数据分析与TFLRUX-03-002未读4待我处理4高风险开放4跨模块交接0待审批0",
      "bodyHasMgk10": true,
      "bodyHasD001": true,
      "bodyHasRux": true,
      "bodyHasMy009": true,
      "hasCurrentSource": true,
      "hasCrossSource": false,
      "hasDemoSubjectLeak": false,
      "subjectOptionValues": [
        "tfl_generation_assist",
        "analysis_result_explanation"
      ],
      "hasInternalSourceLeak": false,
      "overflowX": false,
      "screenshotPath": "../records/active_slices/canonical_project_context_20260710/visual_qc/tfl_project_scoped.png",
      "bodyHasMy008Package": false
    },
    {
      "label": "writing",
      "topbarText": "项目MG-K10-SAR-DEMOMG-K10-CRSwNPRUX-03-002CMS-D001MY009-UCMY008211A-PNH-3-01适应症特应性皮炎方案版本V1.3数据批次RUX 方案 V1.3 + SAR/TFL2024-08-14当前来源医学写作RUX-03-002未读4待我处理4高风险开放4跨模块交接0待审批0",
      "bodyHasMgk10": true,
      "bodyHasD001": true,
      "bodyHasRux": true,
      "bodyHasMy009": true,
      "hasCurrentSource": true,
      "hasCrossSource": false,
      "hasDemoSubjectLeak": false,
      "subjectOptionValues": [
        "regulatory_tone",
        "evidence_gap",
        "consistency_check",
        "medical_writing_revision"
      ],
      "hasInternalSourceLeak": false,
      "overflowX": false,
      "screenshotPath": "../records/active_slices/canonical_project_context_20260710/visual_qc/writing_project_scoped_blocked_editor.png",
      "hasDemoEditorBody": false
    },
    {
      "label": "eligibility",
      "topbarText": "项目MG-K10-SAR-DEMOMG-K10-CRSwNPRUX-03-002CMS-D001MY009-UCMY008211A-PNH-3-01适应症银屑病方案版本V1.0数据批次D001 全量入组资料2025-12-21当前来源入排审核CMS-D001未读0待我处理0高风险开放0跨模块交接0待审批0",
      "bodyHasMgk10": true,
      "bodyHasD001": true,
      "bodyHasRux": true,
      "bodyHasMy009": true,
      "hasCurrentSource": true,
      "hasCrossSource": false,
      "hasDemoSubjectLeak": false,
      "subjectOptionValues": [],
      "hasInternalSourceLeak": false,
      "overflowX": false,
      "screenshotPath": "../records/active_slices/canonical_project_context_20260710/visual_qc/eligibility_source_manifest.png",
      "eligibilityBody": {
        "primaryHasLegacyMgk10": false,
        "primaryHasRawPending": true,
        "primaryHasRawTaskPlan": true,
        "legacyComparisonVisible": true
      }
    },
    {
      "label": "safety_pv",
      "topbarText": "项目MG-K10-SAR-DEMOMG-K10-CRSwNPRUX-03-002CMS-D001MY009-UCMY008211A-PNH-3-01适应症溃疡性结肠炎方案版本V3.0数据批次MY009 S1/PV 2026-042026-04-08当前来源安全信号与PV协同MY009-UC未读0待我处理0高风险开放0跨模块交接0待审批0",
      "bodyHasMgk10": true,
      "bodyHasD001": true,
      "bodyHasRux": true,
      "bodyHasMy009": true,
      "hasCurrentSource": true,
      "hasCrossSource": false,
      "hasDemoSubjectLeak": false,
      "subjectOptionValues": [
        "safety_case_medical_review",
        "signal_narrative_synthesis"
      ],
      "hasInternalSourceLeak": false,
      "overflowX": false,
      "screenshotPath": "../records/active_slices/canonical_project_context_20260710/visual_qc/safety_source_manifest.png",
      "hasRuxSafetyPackage": false
    },
    {
      "label": "evidence_design",
      "topbarText": "项目MG-K10-SAR-DEMOMG-K10-CRSwNPRUX-03-002CMS-D001MY009-UCMY008211A-PNH-3-01适应症慢性鼻窦炎伴鼻息肉方案版本V1.0数据批次CRSwNP竞品证据主数据库2026-07-03当前来源证据调研与方案设计MG-K10-CRSwNP未读0待我处理0高风险开放0跨模块交接0待审批0",
      "bodyHasMgk10": true,
      "bodyHasD001": true,
      "bodyHasRux": true,
      "bodyHasMy009": true,
      "hasCurrentSource": true,
      "hasCrossSource": false,
      "hasDemoSubjectLeak": false,
      "subjectOptionValues": [
        "disease_background_research",
        "competitive_intelligence",
        "protocol_design_synthesis",
        "picos_design_coach"
      ],
      "hasInternalSourceLeak": false,
      "overflowX": false,
      "screenshotPath": "../records/active_slices/canonical_project_context_20260710/visual_qc/evidence_project_scoped.png"
    }
  ]
}
