0 verbose cli /Users/smkzw/.hermes/node/bin/node /Users/smkzw/.local/bin/npm
1 info using npm@10.9.8
2 info using node@v22.22.3
3 silly config load:file:/Users/smkzw/.hermes/node/lib/node_modules/npm/npmrc
4 silly config load:file:/Users/smkzw/Documents/康哲项目资料/AI/医学经理工作台/implementation/workbench/frontend/.npmrc
5 silly config load:file:/Users/smkzw/.npmrc
6 silly config load:file:/Users/smkzw/.hermes/node/etc/npmrc
7 verbose title npm test --run
8 verbose argv "test" "--" "--run"
9 verbose logfile logs-max:10 dir:/Users/smkzw/Documents/康哲项目资料/AI/医学经理工作台/implementation/workbench/frontend/.npm-cache/_logs/2026-08-31T07_24_42_920Z-
10 verbose logfile /Users/smkzw/Documents/康哲项目资料/AI/医学经理工作台/implementation/workbench/frontend/.npm-cache/_logs/2026-08-31T07_24_42_920Z-debug-0.log
11 silly logfile start cleaning logs, removing 1 files
12 silly logfile done cleaning log files
13 verbose stack Error: Missing script: "test"
13 verbose stack
13 verbose stack To see a list of scripts, run:
13 verbose stack   npm run
13 verbose stack     at #run (/Users/smkzw/.hermes/node/lib/node_modules/npm/lib/commands/run-script.js:111:13)
13 verbose stack     at async RunScript.exec (/Users/smkzw/.hermes/node/lib/node_modules/npm/lib/commands/run-script.js:40:7)
13 verbose stack     at async Npm.exec (/Users/smkzw/.hermes/node/lib/node_modules/npm/lib/npm.js:207:9)
13 verbose stack     at async module.exports (/Users/smkzw/.hermes/node/lib/node_modules/npm/lib/cli/entry.js:74:5)
14 error Missing script: "test"
14 error
14 error To see a list of scripts, run:
14 error   npm run
15 verbose cwd /Users/smkzw/Documents/康哲项目资料/AI/医学经理工作台/implementation/workbench/frontend
16 verbose os Darwin 25.6.0
17 verbose node v22.22.3
18 verbose npm  v10.9.8
19 verbose exit 1
20 verbose code 1
21 error A complete log of this run can be found in: /Users/smkzw/Documents/康哲项目资料/AI/医学经理工作台/implementation/workbench/frontend/.npm-cache/_logs/2026-08-31T07_24_42_920Z-debug-0.log
